// Jest Snapshot v1, https://goo.gl/fbAQLP

exports[`<CategoryPanel /> should match snapshot with 2 items per row 1`] = `
<DocumentFragment>
  <div>
    <h3
      class="t-heading-3 categoryPanelHeaderRow flex flex-row flex-wrap items-stretch pa3 bn mh4-ns"
    >
      <a
        class="mockedLink"
      >
        Eletrônicos
      </a>
    </h3>
    <div
      class="categoryPanelItemRow flex flex-row flex-wrap items-stretch pa3 bn mh4-ns"
    >
      <div>
        CategoriesHighlights
      </div>
    </div>
    <div
      class="categoryPanelItemRow flex flex-row flex-wrap items-stretch pa3 bn mh4-ns"
    >
      <div>
        CategoriesHighlights
      </div>
    </div>
    <h3
      class="t-heading-3 categoryPanelHeaderRow flex flex-row flex-wrap items-stretch pa3 bn mh4-ns"
    >
      <a
        class="mockedLink"
      >
        Livros
      </a>
    </h3>
    <div
      class="categoryPanelItemRow flex flex-row flex-wrap items-stretch pa3 bn mh4-ns"
    >
      <div>
        CategoriesHighlights
      </div>
    </div>
    <h3
      class="t-heading-3 categoryPanelHeaderRow flex flex-row flex-wrap items-stretch pa3 bn mh4-ns"
    >
      <a
        class="mockedLink"
      >
        Roupas
      </a>
    </h3>
    <div
      class="categoryPanelItemRow flex flex-row flex-wrap items-stretch pa3 bn mh4-ns"
    >
      <div>
        CategoriesHighlights
      </div>
    </div>
    <div
      class="categoryPanelItemRow flex flex-row flex-wrap items-stretch pa3 bn mh4-ns"
    >
      <div>
        CategoriesHighlights
      </div>
    </div>
  </div>
</DocumentFragment>
`;

exports[`<CategoryPanel /> should match snapshot with 4 items per row 1`] = `
<DocumentFragment>
  <div>
    <h3
      class="t-heading-3 categoryPanelHeaderRow flex flex-row flex-wrap items-stretch pa3 bn mh4-ns"
    >
      <a
        class="mockedLink"
      >
        Eletrônicos
      </a>
    </h3>
    <div
      class="categoryPanelItemRow flex flex-row flex-wrap items-stretch pa3 bn mh4-ns"
    >
      <div>
        CategoriesHighlights
      </div>
    </div>
    <h3
      class="t-heading-3 categoryPanelHeaderRow flex flex-row flex-wrap items-stretch pa3 bn mh4-ns"
    >
      <a
        class="mockedLink"
      >
        Livros
      </a>
    </h3>
    <div
      class="categoryPanelItemRow flex flex-row flex-wrap items-stretch pa3 bn mh4-ns"
    >
      <div>
        CategoriesHighlights
      </div>
    </div>
    <h3
      class="t-heading-3 categoryPanelHeaderRow flex flex-row flex-wrap items-stretch pa3 bn mh4-ns"
    >
      <a
        class="mockedLink"
      >
        Roupas
      </a>
    </h3>
    <div
      class="categoryPanelItemRow flex flex-row flex-wrap items-stretch pa3 bn mh4-ns"
    >
      <div>
        CategoriesHighlights
      </div>
    </div>
  </div>
</DocumentFragment>
`;
