// Jest Snapshot v1, https://goo.gl/fbAQLP

exports[`<FilterNavigator /> should display related categories 1`] = `<DocumentFragment />`;

exports[`<FilterNavigator /> should match snapshot with all 1`] = `<DocumentFragment />`;
